Main.hx:2: characters 3-6 : Cannot use Void as value