Main.hx:20: characters 10-18 : Cannot access position for writing