Main2.hx:5: characters 3-4 : Cannot access v for writing