Main3.hx:9: characters 3-4 : Cannot access v for writing