Main.hx:10: characters 11-12 : Cannot access x for writing